---
source: crates/module-graph/tests/js_test.rs
expression: "generate_graph_for_file(sandbox.path(), \"mjs/exports.mjs\")"
---
{
    1: Module {
        exports: [
            Export {
                kind: Modern,
                module_id: None,
                source: None,
                span: Some(
                    Span {
                        start: 0,
                        end: 29,
                    },
                ),
                symbols: [
                    ExportedSymbol {
                        kind: Value,
                        symbol_id: None,
                        name: "primitive",
                    },
                ],
                type_only: false,
            },
            Export {
                kind: Modern,
                module_id: None,
                source: None,
                span: Some(
                    Span {
                        start: 31,
                        end: 56,
                    },
                ),
                symbols: [
                    ExportedSymbol {
                        kind: Value,
                        symbol_id: None,
                        name: "object",
                    },
                ],
                type_only: false,
            },
            Export {
                kind: Modern,
                module_id: None,
                source: None,
                span: Some(
                    Span {
                        start: 58,
                        end: 82,
                    },
                ),
                symbols: [
                    ExportedSymbol {
                        kind: Value,
                        symbol_id: None,
                        name: "array",
                    },
                ],
                type_only: false,
            },
            Export {
                kind: Modern,
                module_id: None,
                source: None,
                span: Some(
                    Span {
                        start: 84,
                        end: 109,
                    },
                ),
                symbols: [
                    ExportedSymbol {
                        kind: Value,
                        symbol_id: None,
                        name: "func",
                    },
                ],
                type_only: false,
            },
            Export {
                kind: Modern,
                module_id: None,
                source: None,
                span: Some(
                    Span {
                        start: 139,
                        end: 159,
                    },
                ),
                symbols: [
                    ExportedSymbol {
                        kind: Value,
                        symbol_id: None,
                        name: "Foo",
                    },
                    ExportedSymbol {
                        kind: Value,
                        symbol_id: None,
                        name: "Bar",
                    },
                ],
                type_only: false,
            },
            Export {
                kind: Modern,
                module_id: None,
                source: None,
                span: Some(
                    Span {
                        start: 161,
                        end: 188,
                    },
                ),
                symbols: [
                    ExportedSymbol {
                        kind: Default,
                        symbol_id: None,
                        name: "Baz",
                    },
                ],
                type_only: false,
            },
        ],
        fragment: None,
        id: 1,
        imports: [],
        package_name: None,
        path: "/root/mjs/exports.mjs",
        query: None,
        source: JavaScriptModule {
            package_type: Unknown,
            source: "export const primitive = 123;\n\nexport const object = {};\n\nexport const array = [];\n\nexport function func() {}\n\nclass Foo {}\n\nclass Bar {}\n\nexport { Foo, Bar };\n\nexport default class Baz {}\n",
            source_type: SourceType {
                language: JavaScript,
                module_kind: Module,
                variant: Jsx,
                always_strict: false,
            },
            stats: JavaScriptStats {
                dynamic_import_count: 0,
                export_statements: 6,
                exports_default: true,
                import_statements: 0,
                other_statements: 2,
                require_count: 0,
            },
        },
    },
}
