---
source: crates/module-graph/tests/js_test.rs
expression: "generate_graph_for_file(sandbox.path(), \"cjs/module-exports-class.cjs\")"
---
{
    1: Module {
        exports: [
            Export {
                kind: Legacy,
                module_id: None,
                source: None,
                span: Some(
                    Span {
                        start: 0,
                        end: 29,
                    },
                ),
                symbols: [
                    ExportedSymbol {
                        kind: Default,
                        symbol_id: None,
                        name: "Foo",
                    },
                ],
                type_only: false,
            },
        ],
        fragment: None,
        id: 1,
        imports: [],
        package_name: None,
        path: "/root/cjs/module-exports-class.cjs",
        query: None,
        source: JavaScriptModule {
            package_type: Cjs,
            source: "module.exports = class Foo {};\n",
            source_type: SourceType {
                language: JavaScript,
                module_kind: Module,
                variant: Jsx,
                always_strict: false,
            },
            stats: JavaScriptStats {
                dynamic_import_count: 0,
                export_statements: 0,
                exports_default: true,
                import_statements: 0,
                other_statements: 1,
                require_count: 0,
            },
        },
    },
}
