---
source: crates/module-graph/tests/js_test.rs
expression: "generate_graph_for_file(sandbox.path(), \"mjs/export-def-func.mjs\")"
---
{
    1: Module {
        exports: [
            Export {
                kind: Modern,
                module_id: None,
                source: None,
                span: Some(
                    Span {
                        start: 0,
                        end: 32,
                    },
                ),
                symbols: [
                    ExportedSymbol {
                        kind: Default,
                        symbol_id: None,
                        name: "foo",
                    },
                ],
                type_only: false,
            },
        ],
        fragment: None,
        id: 1,
        imports: [],
        package_name: None,
        path: "/root/mjs/export-def-func.mjs",
        query: None,
        source: JavaScriptModule {
            package_type: Mjs,
            source: "export default function foo() {}\n",
            source_type: SourceType {
                language: JavaScript,
                module_kind: Module,
                variant: Jsx,
                always_strict: false,
            },
            stats: JavaScriptStats {
                dynamic_import_count: 0,
                export_statements: 1,
                exports_default: true,
                import_statements: 0,
                other_statements: 0,
                require_count: 0,
            },
        },
    },
}
