---
source: crates/module-graph/tests/json_test.rs
expression: "generate_graph_for_file(sandbox.path(), \"array.json\")"
---
{
    1: Module {
        exports: [
            Export {
                kind: Native,
                module_id: None,
                source: None,
                span: None,
                symbols: [
                    ExportedSymbol {
                        kind: Default,
                        symbol_id: None,
                        name: "default",
                    },
                ],
                type_only: false,
            },
        ],
        fragment: None,
        id: 1,
        imports: [],
        package_name: None,
        path: "/root/array.json",
        query: None,
        source: JsonModule {
            data: Array [
                Number(1),
                Number(2),
                Number(3),
            ],
            source: "[1, 2, 3]\n",
        },
    },
}
