---
source: crates/module-graph/tests/text_test.rs
expression: "generate_graph_for_file(sandbox.path(), \"styles.scss\")"
---
{
    1: Module {
        exports: [],
        fragment: None,
        id: 1,
        imports: [],
        package_name: None,
        path: "/root/styles.scss",
        query: None,
        source: TextModule {
            kind: Scss,
            source: "$font-stack: Helvetica, sans-serif;\n$primary-color: #333;\n\nbody {\n  font: 100% $font-stack;\n  color: $primary-color;\n}\n",
        },
    },
}
