---
source: crates/module-graph/tests/ts_test.rs
expression: "generate_graph_for_file(sandbox.path(), \"ts/export-named.ts\")"
---
{
    1: Module {
        exports: [
            Export {
                kind: Modern,
                module_id: None,
                source: None,
                span: Some(
                    Span {
                        start: 0,
                        end: 29,
                    },
                ),
                symbols: [
                    ExportedSymbol {
                        kind: Value,
                        symbol_id: None,
                        name: "primitive",
                    },
                ],
                type_only: false,
            },
            Export {
                kind: Modern,
                module_id: None,
                source: None,
                span: Some(
                    Span {
                        start: 31,
                        end: 56,
                    },
                ),
                symbols: [
                    ExportedSymbol {
                        kind: Value,
                        symbol_id: None,
                        name: "object",
                    },
                ],
                type_only: false,
            },
            Export {
                kind: Modern,
                module_id: None,
                source: None,
                span: Some(
                    Span {
                        start: 58,
                        end: 82,
                    },
                ),
                symbols: [
                    ExportedSymbol {
                        kind: Value,
                        symbol_id: None,
                        name: "array",
                    },
                ],
                type_only: false,
            },
            Export {
                kind: Modern,
                module_id: None,
                source: None,
                span: Some(
                    Span {
                        start: 84,
                        end: 109,
                    },
                ),
                symbols: [
                    ExportedSymbol {
                        kind: Value,
                        symbol_id: None,
                        name: "func",
                    },
                ],
                type_only: false,
            },
            Export {
                kind: Modern,
                module_id: None,
                source: None,
                span: Some(
                    Span {
                        start: 139,
                        end: 159,
                    },
                ),
                symbols: [
                    ExportedSymbol {
                        kind: Value,
                        symbol_id: None,
                        name: "Foo",
                    },
                    ExportedSymbol {
                        kind: Value,
                        symbol_id: None,
                        name: "Bar",
                    },
                ],
                type_only: false,
            },
            Export {
                kind: Modern,
                module_id: None,
                source: None,
                span: Some(
                    Span {
                        start: 161,
                        end: 181,
                    },
                ),
                symbols: [
                    ExportedSymbol {
                        kind: ValueType,
                        symbol_id: None,
                        name: "A",
                    },
                ],
                type_only: true,
            },
            Export {
                kind: Modern,
                module_id: None,
                source: None,
                span: Some(
                    Span {
                        start: 183,
                        end: 206,
                    },
                ),
                symbols: [
                    ExportedSymbol {
                        kind: ValueType,
                        symbol_id: None,
                        name: "B",
                    },
                ],
                type_only: true,
            },
            Export {
                kind: Modern,
                module_id: None,
                source: None,
                span: Some(
                    Span {
                        start: 244,
                        end: 265,
                    },
                ),
                symbols: [
                    ExportedSymbol {
                        kind: ValueType,
                        symbol_id: None,
                        name: "C",
                    },
                    ExportedSymbol {
                        kind: ValueType,
                        symbol_id: None,
                        name: "D",
                    },
                ],
                type_only: true,
            },
            Export {
                kind: Modern,
                module_id: None,
                source: None,
                span: Some(
                    Span {
                        start: 295,
                        end: 318,
                    },
                ),
                symbols: [
                    ExportedSymbol {
                        kind: ValueType,
                        symbol_id: None,
                        name: "E",
                    },
                    ExportedSymbol {
                        kind: Value,
                        symbol_id: None,
                        name: "Baz",
                    },
                ],
                type_only: false,
            },
        ],
        fragment: None,
        id: 1,
        imports: [],
        package_name: None,
        path: "/root/ts/export-named.ts",
        query: None,
        source: JavaScriptModule {
            package_type: Unknown,
            source: "export const primitive = 123;\n\nexport const object = {};\n\nexport const array = [];\n\nexport function func() {}\n\nclass Foo {}\n\nclass Bar {}\n\nexport { Foo, Bar };\n\nexport type A = 123;\n\nexport type B = string;\n\ntype C = unknown;\n\ntype D = any[];\n\nexport type { C, D };\n\ntype E = {};\n\nclass Baz {}\n\nexport { type E, Baz };\n",
            source_type: SourceType {
                language: TypeScript {
                    is_definition_file: false,
                },
                module_kind: Module,
                variant: Standard,
                always_strict: false,
            },
            stats: JavaScriptStats {
                dynamic_import_count: 0,
                export_statements: 9,
                exports_default: false,
                import_statements: 0,
                other_statements: 6,
                require_count: 0,
            },
        },
    },
}
