---
source: crates/module-graph/tests/ts_test.rs
expression: "generate_graph_for_file(sandbox.path(), \"ts/export-def-enum.ts\")"
---
{
    1: Module {
        exports: [],
        fragment: None,
        id: 1,
        imports: [],
        package_name: None,
        path: "/root/ts/export-def-enum.ts",
        query: None,
        source: JavaScriptModule {
            package_type: Unknown,
            source: "export default enum Status { A, B, C }\n",
            source_type: SourceType {
                language: TypeScript {
                    is_definition_file: false,
                },
                module_kind: Module,
                variant: Standard,
                always_strict: false,
            },
            stats: JavaScriptStats {
                dynamic_import_count: 0,
                export_statements: 0,
                exports_default: false,
                import_statements: 0,
                other_statements: 0,
                require_count: 0,
            },
        },
    },
}
